Archive member included to satisfy reference by file (symbol)

D:/softwares/STM32CubeIDE_2.2.0/STM32CubeIDE/plugins/com.st.stm32cube.ide.mcu.externaltools.gnu-tools-for-stm32.14.3.rel1.win32_1.0.100.202602081740/tools/bin/../lib/gcc/arm-none-eabi/14.3.1/../../../../arm-none-eabi/lib/thumb/v7-m/nofp\libc_nano.a(libc_a-exit.o)
                              D:/softwares/STM32CubeIDE_2.2.0/STM32CubeIDE/plugins/com.st.stm32cube.ide.mcu.externaltools.gnu-tools-for-stm32.14.3.rel1.win32_1.0.100.202602081740/tools/bin/../lib/gcc/arm-none-eabi/14.3.1/../../../../arm-none-eabi/lib/thumb/v7-m/nofp/crt0.o (exit)
D:/softwares/STM32CubeIDE_2.2.0/STM32CubeIDE/plugins/com.st.stm32cube.ide.mcu.externaltools.gnu-tools-for-stm32.14.3.rel1.win32_1.0.100.202602081740/tools/bin/../lib/gcc/arm-none-eabi/14.3.1/../../../../arm-none-eabi/lib/thumb/v7-m/nofp\libc_nano.a(libc_a-findfp.o)
                              D:/softwares/STM32CubeIDE_2.2.0/STM32CubeIDE/plugins/com.st.stm32cube.ide.mcu.externaltools.gnu-tools-for-stm32.14.3.rel1.win32_1.0.100.202602081740/tools/bin/../lib/gcc/arm-none-eabi/14.3.1/../../../../arm-none-eabi/lib/thumb/v7-m/nofp\libc_nano.a(libc_a-exit.o) (__stdio_exit_handler)
D:/softwares/STM32CubeIDE_2.2.0/STM32CubeIDE/plugins/com.st.stm32cube.ide.mcu.externaltools.gnu-tools-for-stm32.14.3.rel1.win32_1.0.100.202602081740/tools/bin/../lib/gcc/arm-none-eabi/14.3.1/../../../../arm-none-eabi/lib/thumb/v7-m/nofp\libc_nano.a(libc_a-fwalk.o)
                              D:/softwares/STM32CubeIDE_2.2.0/STM32CubeIDE/plugins/com.st.stm32cube.ide.mcu.externaltools.gnu-tools-for-stm32.14.3.rel1.win32_1.0.100.202602081740/tools/bin/../lib/gcc/arm-none-eabi/14.3.1/../../../../arm-none-eabi/lib/thumb/v7-m/nofp\libc_nano.a(libc_a-findfp.o) (_fwalk_sglue)
D:/softwares/STM32CubeIDE_2.2.0/STM32CubeIDE/plugins/com.st.stm32cube.ide.mcu.externaltools.gnu-tools-for-stm32.14.3.rel1.win32_1.0.100.202602081740/tools/bin/../lib/gcc/arm-none-eabi/14.3.1/../../../../arm-none-eabi/lib/thumb/v7-m/nofp\libc_nano.a(libc_a-stdio.o)
                              D:/softwares/STM32CubeIDE_2.2.0/STM32CubeIDE/plugins/com.st.stm32cube.ide.mcu.externaltools.gnu-tools-for-stm32.14.3.rel1.win32_1.0.100.202602081740/tools/bin/../lib/gcc/arm-none-eabi/14.3.1/../../../../arm-none-eabi/lib/thumb/v7-m/nofp\libc_nano.a(libc_a-findfp.o) (__sread)
D:/softwares/STM32CubeIDE_2.2.0/STM32CubeIDE/plugins/com.st.stm32cube.ide.mcu.externaltools.gnu-tools-for-stm32.14.3.rel1.win32_1.0.100.202602081740/tools/bin/../lib/gcc/arm-none-eabi/14.3.1/../../../../arm-none-eabi/lib/thumb/v7-m/nofp\libc_nano.a(libc_a-memset.o)
                              D:/softwares/STM32CubeIDE_2.2.0/STM32CubeIDE/plugins/com.st.stm32cube.ide.mcu.externaltools.gnu-tools-for-stm32.14.3.rel1.win32_1.0.100.202602081740/tools/bin/../lib/gcc/arm-none-eabi/14.3.1/../../../../arm-none-eabi/lib/thumb/v7-m/nofp/crt0.o (memset)
D:/softwares/STM32CubeIDE_2.2.0/STM32CubeIDE/plugins/com.st.stm32cube.ide.mcu.externaltools.gnu-tools-for-stm32.14.3.rel1.win32_1.0.100.202602081740/tools/bin/../lib/gcc/arm-none-eabi/14.3.1/../../../../arm-none-eabi/lib/thumb/v7-m/nofp\libc_nano.a(libc_a-closer.o)
                              D:/softwares/STM32CubeIDE_2.2.0/STM32CubeIDE/plugins/com.st.stm32cube.ide.mcu.externaltools.gnu-tools-for-stm32.14.3.rel1.win32_1.0.100.202602081740/tools/bin/../lib/gcc/arm-none-eabi/14.3.1/../../../../arm-none-eabi/lib/thumb/v7-m/nofp\libc_nano.a(libc_a-stdio.o) (_close_r)
D:/softwares/STM32CubeIDE_2.2.0/STM32CubeIDE/plugins/com.st.stm32cube.ide.mcu.externaltools.gnu-tools-for-stm32.14.3.rel1.win32_1.0.100.202602081740/tools/bin/../lib/gcc/arm-none-eabi/14.3.1/../../../../arm-none-eabi/lib/thumb/v7-m/nofp\libc_nano.a(libc_a-reent.o)
                              D:/softwares/STM32CubeIDE_2.2.0/STM32CubeIDE/plugins/com.st.stm32cube.ide.mcu.externaltools.gnu-tools-for-stm32.14.3.rel1.win32_1.0.100.202602081740/tools/bin/../lib/gcc/arm-none-eabi/14.3.1/../../../../arm-none-eabi/lib/thumb/v7-m/nofp\libc_nano.a(libc_a-closer.o) (errno)
D:/softwares/STM32CubeIDE_2.2.0/STM32CubeIDE/plugins/com.st.stm32cube.ide.mcu.externaltools.gnu-tools-for-stm32.14.3.rel1.win32_1.0.100.202602081740/tools/bin/../lib/gcc/arm-none-eabi/14.3.1/../../../../arm-none-eabi/lib/thumb/v7-m/nofp\libc_nano.a(libc_a-impure.o)
                              D:/softwares/STM32CubeIDE_2.2.0/STM32CubeIDE/plugins/com.st.stm32cube.ide.mcu.externaltools.gnu-tools-for-stm32.14.3.rel1.win32_1.0.100.202602081740/tools/bin/../lib/gcc/arm-none-eabi/14.3.1/../../../../arm-none-eabi/lib/thumb/v7-m/nofp\libc_nano.a(libc_a-reent.o) (_impure_ptr)
D:/softwares/STM32CubeIDE_2.2.0/STM32CubeIDE/plugins/com.st.stm32cube.ide.mcu.externaltools.gnu-tools-for-stm32.14.3.rel1.win32_1.0.100.202602081740/tools/bin/../lib/gcc/arm-none-eabi/14.3.1/../../../../arm-none-eabi/lib/thumb/v7-m/nofp\libc_nano.a(libc_a-lseekr.o)
[...]
Memory Configuration

Name             Origin             Length             Attributes
RAM              0x20000000         0x00005000         xrw
FLASH            0x08000000         0x00010000         xr
*default*        0x00000000         0xffffffff

Linker script and memory map

LOAD D:/softwares/STM32CubeIDE_2.2.0/STM32CubeIDE/plugins/com.st.stm32cube.ide.mcu.externaltools.gnu-tools-for-stm32.14.3.rel1.win32_1.0.100.202602081740/tools/bin/../lib/gcc/arm-none-eabi/14.3.1/thumb/v7-m/nofp/crti.o
LOAD D:/softwares/STM32CubeIDE_2.2.0/STM32CubeIDE/plugins/com.st.stm32cube.ide.mcu.externaltools.gnu-tools-for-stm32.14.3.rel1.win32_1.0.100.202602081740/tools/bin/../lib/gcc/arm-none-eabi/14.3.1/thumb/v7-m/nofp/crtbegin.o
LOAD D:/softwares/STM32CubeIDE_2.2.0/STM32CubeIDE/plugins/com.st.stm32cube.ide.mcu.externaltools.gnu-tools-for-stm32.14.3.rel1.win32_1.0.100.202602081740/tools/bin/../lib/gcc/arm-none-eabi/14.3.1/../../../../arm-none-eabi/lib/thumb/v7-m/nofp/crt0.o
LOAD ./Src/delay.o
LOAD ./Src/fuzzer.o
LOAD ./Src/main.o
LOAD ./Src/protocol.o
LOAD ./Src/uart.o
LOAD ./Startup/startup_stm32f103c8tx.o
START GROUP
LOAD D:/softwares/STM32CubeIDE_2.2.0/STM32CubeIDE/plugins/com.st.stm32cube.ide.mcu.externaltools.gnu-tools-for-stm32.14.3.rel1.win32_1.0.100.202602081740/tools/bin/../lib/gcc/arm-none-eabi/14.3.1/../../../../arm-none-eabi/lib/thumb/v7-m/nofp\libc_nano.a
LOAD D:/softwares/STM32CubeIDE_2.2.0/STM32CubeIDE/plugins/com.st.stm32cube.ide.mcu.externaltools.gnu-tools-for-stm32.14.3.rel1.win32_1.0.100.202602081740/tools/bin/../lib/gcc/arm-none-eabi/14.3.1/../../../../arm-none-eabi/lib/thumb/v7-m/nofp\libm.a
END GROUP
START GROUP
LOAD D:/softwares/STM32CubeIDE_2.2.0/STM32CubeIDE/plugins/com.st.stm32cube.ide.mcu.externaltools.gnu-tools-for-stm32.14.3.rel1.win32_1.0.100.202602081740/tools/bin/../lib/gcc/arm-none-eabi/14.3.1/thumb/v7-m/nofp\libgcc.a
LOAD D:/softwares/STM32CubeIDE_2.2.0/STM32CubeIDE/plugins/com.st.stm32cube.ide.mcu.externaltools.gnu-tools-for-stm32.14.3.rel1.win32_1.0.100.202602081740/tools/bin/../lib/gcc/arm-none-eabi/14.3.1/../../../../arm-none-eabi/lib/thumb/v7-m/nofp\libc_nano.a
END GROUP
START GROUP
LOAD D:/softwares/STM32CubeIDE_2.2.0/STM32CubeIDE/plugins/com.st.stm32cube.ide.mcu.externaltools.gnu-tools-for-stm32.14.3.rel1.win32_1.0.100.202602081740/tools/bin/../lib/gcc/arm-none-eabi/14.3.1/thumb/v7-m/nofp\libgcc.a
LOAD D:/softwares/STM32CubeIDE_2.2.0/STM32CubeIDE/plugins/com.st.stm32cube.ide.mcu.externaltools.gnu-tools-for-stm32.14.3.rel1.win32_1.0.100.202602081740/tools/bin/../lib/gcc/arm-none-eabi/14.3.1/../../../../arm-none-eabi/lib/thumb/v7-m/nofp\libc_nano.a
LOAD D:/softwares/STM32CubeIDE_2.2.0/STM32CubeIDE/plugins/com.st.stm32cube.ide.mcu.externaltools.gnu-tools-for-stm32.14.3.rel1.win32_1.0.100.202602081740/tools/bin/../lib/gcc/arm-none-eabi/14.3.1/../../../../arm-none-eabi/lib/thumb/v7-m/nofp\libnosys.a
END GROUP
START GROUP
LOAD D:/softwares/STM32CubeIDE_2.2.0/STM32CubeIDE/plugins/com.st.stm32cube.ide.mcu.externaltools.gnu-tools-for-stm32.14.3.rel1.win32_1.0.100.202602081740/tools/bin/../lib/gcc/arm-none-eabi/14.3.1/thumb/v7-m/nofp\libgcc.a
LOAD D:/softwares/STM32CubeIDE_2.2.0/STM32CubeIDE/plugins/com.st.stm32cube.ide.mcu.externaltools.gnu-tools-for-stm32.14.3.rel1.win32_1.0.100.202602081740/tools/bin/../lib/gcc/arm-none-eabi/14.3.1/../../../../arm-none-eabi/lib/thumb/v7-m/nofp\libc_nano.a
LOAD D:/softwares/STM32CubeIDE_2.2.0/STM32CubeIDE/plugins/com.st.stm32cube.ide.mcu.externaltools.gnu-tools-for-stm32.14.3.rel1.win32_1.0.100.202602081740/tools/bin/../lib/gcc/arm-none-eabi/14.3.1/../../../../arm-none-eabi/lib/thumb/v7-m/nofp\libnosys.a
END GROUP
LOAD D:/softwares/STM32CubeIDE_2.2.0/STM32CubeIDE/plugins/com.st.stm32cube.ide.mcu.externaltools.gnu-tools-for-stm32.14.3.rel1.win32_1.0.100.202602081740/tools/bin/../lib/gcc/arm-none-eabi/14.3.1/thumb/v7-m/nofp/crtend.o
LOAD D:/softwares/STM32CubeIDE_2.2.0/STM32CubeIDE/plugins/com.st.stm32cube.ide.mcu.externaltools.gnu-tools-for-stm32.14.3.rel1.win32_1.0.100.202602081740/tools/bin/../lib/gcc/arm-none-eabi/14.3.1/thumb/v7-m/nofp/crtn.o
                0x20005000                        _estack = (ORIGIN (RAM) + LENGTH (RAM))
                0x00000200                        _Min_Heap_Size = 0x200
                0x00000400                        _Min_Stack_Size = 0x400

.isr_vector     0x08000000      0x130
                0x08000000                        . = ALIGN (0x4)
 *(.isr_vector)
 .isr_vector    0x08000000      0x130 ./Startup/startup_stm32f103c8tx.o
                0x08000000                g_pfnVectors
                0x08000130                        . = ALIGN (0x4)

.text           0x08000130      0x450
                0x08000130                        . = ALIGN (0x4)
 *(.text)
 .text          0x08000130       0x40 D:/softwares/STM32CubeIDE_2.2.0/STM32CubeIDE/plugins/com.st.stm32cube.ide.mcu.externaltools.gnu-tools-for-stm32.14.3.rel1.win32_1.0.100.202602081740/tools/bin/../lib/gcc/arm-none-eabi/14.3.1/thumb/v7-m/nofp/crtbegin.o
 *(.text*)
 .text.main     0x08000170       0x2c ./Src/main.o
                0x08000170                main
 .text.protocol_init
                0x0800019c       0x34 ./Src/protocol.o
                0x0800019c                protocol_init
 .text.reset_parser
                0x080001d0       0x34 ./Src/protocol.o
 .text.send_error
                0x08000204       0x2c ./Src/protocol.o
 .text.send_hex
                0x08000230       0x54 ./Src/protocol.o
 .text.process_frame
                0x08000284       0x80 ./Src/protocol.o
 .text.protocol_process_byte
                0x08000304       0xd8 ./Src/protocol.o
                0x08000304                protocol_process_byte
 .text.uart_init
                0x080003dc       0x6c ./Src/uart.o
                0x080003dc                uart_init
 .text.uart_send_char
                0x08000448       0x30 ./Src/uart.o
                0x08000448                uart_send_char
 .text.uart_send_string
                0x08000478       0x2a ./Src/uart.o
                0x08000478                uart_send_string
 *fill*         0x080004a2        0x2 
 .text.uart_receive_char
                0x080004a4       0x28 ./Src/uart.o
                0x080004a4                uart_receive_char
 .text.Reset_Handler
                0x080004cc       0x50 ./Startup/startup_stm32f103c8tx.o
                0x080004cc                Reset_Handler
 .text.Default_Handler
                0x0800051c        0x2 ./Startup/startup_stm32f103c8tx.o
                0x0800051c                EXTI2_IRQHandler
                0x0800051c                TIM8_TRG_COM_IRQHandler
                0x0800051c                TIM8_CC_IRQHandler
                0x0800051c                DebugMon_Handler
                0x0800051c                TIM1_CC_IRQHandler
                0x0800051c                HardFault_Handler
                0x0800051c                TIM6_IRQHandler
                0x0800051c                SysTick_Handler
                0x0800051c                PVD_IRQHandler
                0x0800051c                SDIO_IRQHandler
                0x0800051c                PendSV_Handler
                0x0800051c                NMI_Handler
                0x0800051c                EXTI3_IRQHandler
                0x0800051c                USB_HP_CAN_TX_IRQHandler
                0x0800051c                EXTI0_IRQHandler
                0x0800051c                I2C2_EV_IRQHandler
                0x0800051c                UsageFault_Handler
                0x0800051c                ADC1_2_IRQHandler
                0x0800051c                SPI1_IRQHandler
                0x0800051c                CAN_SCE_IRQHandler
                0x0800051c                TAMPER_IRQHandler
                0x0800051c                TIM8_UP_IRQHandler
                0x0800051c                DMA2_Channel2_IRQHandler
                0x0800051c                DMA1_Channel4_IRQHandler
                0x0800051c                USART3_IRQHandler
                0x0800051c                RTC_IRQHandler
                0x0800051c                DMA1_Channel7_IRQHandler
                0x0800051c                UART5_IRQHandler
                0x0800051c                ADC3_IRQHandler
                0x0800051c                TIM4_IRQHandler
                0x0800051c                CAN_RX1_IRQHandler
                0x0800051c                DMA2_Channel1_IRQHandler
                0x0800051c                I2C1_EV_IRQHandler
                0x0800051c                DMA1_Channel6_IRQHandler
                0x0800051c                UART4_IRQHandler
                0x0800051c                TIM3_IRQHandler
                0x0800051c                RCC_IRQHandler
                0x0800051c                TIM1_TRG_COM_IRQHandler
                0x0800051c                DMA1_Channel1_IRQHandler
                0x0800051c                Default_Handler
                0x0800051c                EXTI15_10_IRQHandler
                0x0800051c                TIM7_IRQHandler
                0x0800051c                TIM5_IRQHandler
                0x0800051c                EXTI9_5_IRQHandler
                0x0800051c                SPI2_IRQHandler
                0x0800051c                USB_LP_CAN_RX0_IRQHandler
                0x0800051c                MemManage_Handler
                0x0800051c                SVC_Handler
                0x0800051c                DMA1_Channel5_IRQHandler
                0x0800051c                EXTI4_IRQHandler
                0x0800051c                DMA1_Channel3_IRQHandler
                0x0800051c                FSMC_IRQHandler
                0x0800051c                TIM1_UP_IRQHandler
                0x0800051c                WWDG_IRQHandler
                0x0800051c                TIM2_IRQHandler
                0x0800051c                TIM1_BRK_IRQHandler
                0x0800051c                EXTI1_IRQHandler
                0x0800051c                RTCAlarm_IRQHandler
                0x0800051c                DMA2_Channel4_5_IRQHandler
                0x0800051c                USART2_IRQHandler
                0x0800051c                I2C2_ER_IRQHandler
                0x0800051c                DMA1_Channel2_IRQHandler
                0x0800051c                TIM8_BRK_IRQHandler
                0x0800051c                FLASH_IRQHandler
                0x0800051c                BusFault_Handler
                0x0800051c                USART1_IRQHandler
                0x0800051c                SPI3_IRQHandler
                0x0800051c                I2C1_ER_IRQHandler
                0x0800051c                DMA2_Channel3_IRQHandler
 *fill*         0x0800051e        0x2 
 .text.__libc_init_array
                0x08000520       0x48 D:/softwares/STM32CubeIDE_2.2.0/STM32CubeIDE/plugins/com.st.stm32cube.ide.mcu.externaltools.gnu-tools-for-stm32.14.3.rel1.win32_1.0.100.202602081740/tools/bin/../lib/gcc/arm-none-eabi/14.3.1/../../../../arm-none-eabi/lib/thumb/v7-m/nofp\libc_nano.a(libc_a-init.o)
                0x08000520                __libc_init_array
 *(.glue_7)
 .glue_7        0x08000568        0x0 linker stubs
 *(.glue_7t)
 .glue_7t       0x08000568        0x0 linker stubs
 *(.eh_frame)
 .eh_frame      0x08000568        0x0 D:/softwares/STM32CubeIDE_2.2.0/STM32CubeIDE/plugins/com.st.stm32cube.ide.mcu.externaltools.gnu-tools-for-stm32.14.3.rel1.win32_1.0.100.202602081740/tools/bin/../lib/gcc/arm-none-eabi/14.3.1/thumb/v7-m/nofp/crtbegin.o
 *(.init)
 .init          0x08000568        0x4 D:/softwares/STM32CubeIDE_2.2.0/STM32CubeIDE/plugins/com.st.stm32cube.ide.mcu.externaltools.gnu-tools-for-stm32.14.3.rel1.win32_1.0.100.202602081740/tools/bin/../lib/gcc/arm-none-eabi/14.3.1/thumb/v7-m/nofp/crti.o
                0x08000568                _init
 .init          0x0800056c        0x8 D:/softwares/STM32CubeIDE_2.2.0/STM32CubeIDE/plugins/com.st.stm32cube.ide.mcu.externaltools.gnu-tools-for-stm32.14.3.rel1.win32_1.0.100.202602081740/tools/bin/../lib/gcc/arm-none-eabi/14.3.1/thumb/v7-m/nofp/crtn.o
 *(.fini)
 .fini          0x08000574        0x4 D:/softwares/STM32CubeIDE_2.2.0/STM32CubeIDE/plugins/com.st.stm32cube.ide.mcu.externaltools.gnu-tools-for-stm32.14.3.rel1.win32_1.0.100.202602081740/tools/bin/../lib/gcc/arm-none-eabi/14.3.1/thumb/v7-m/nofp/crti.o
                0x08000574                _fini
 .fini          0x08000578        0x8 D:/softwares/STM32CubeIDE_2.2.0/STM32CubeIDE/plugins/com.st.stm32cube.ide.mcu.externaltools.gnu-tools-for-stm32.14.3.rel1.win32_1.0.100.202602081740/tools/bin/../lib/gcc/arm-none-eabi/14.3.1/thumb/v7-m/nofp/crtn.o
                0x08000580                        . = ALIGN (0x4)
                0x08000580                        _etext = .

.vfp11_veneer   0x08000580        0x0
 .vfp11_veneer  0x08000580        0x0 linker stubs

.v4_bx          0x08000580        0x0
 .v4_bx         0x08000580        0x0 linker stubs

.iplt           0x08000580        0x0
 .iplt          0x08000580        0x0 D:/softwares/STM32CubeIDE_2.2.0/STM32CubeIDE/plugins/com.st.stm32cube.ide.mcu.externaltools.gnu-tools-for-stm32.14.3.rel1.win32_1.0.100.202602081740/tools/bin/../lib/gcc/arm-none-eabi/14.3.1/thumb/v7-m/nofp/crtbegin.o

.rodata         0x08000580       0x74
                0x08000580                        . = ALIGN (0x4)
 *(.rodata)
 .rodata        0x08000580       0x18 ./Src/main.o
 .rodata        0x08000598       0x59 ./Src/protocol.o
 *(.rodata*)
                0x080005f4                        . = ALIGN (0x4)
 *fill*         0x080005f1        0x3 

.ARM.extab      0x080005f4        0x0
                0x080005f4                        . = ALIGN (0x4)
 *(.ARM.extab* .gnu.linkonce.armextab.*)
                0x080005f4                        . = ALIGN (0x4)

.ARM            0x080005f4        0x0
                0x080005f4                        . = ALIGN (0x4)
                0x080005f4                        __exidx_start = .
 *(.ARM.exidx*)
                0x080005f4                        __exidx_end = .
                0x080005f4                        . = ALIGN (0x4)

.preinit_array  0x080005f4        0x0
                0x080005f4                        . = ALIGN (0x4)
                0x080005f4                        PROVIDE (__preinit_array_start = .)
 *(.preinit_array*)
                0x080005f4                        PROVIDE (__preinit_array_end = .)
                0x080005f4                        . = ALIGN (0x4)

.init_array     0x080005f4        0x4
                0x080005f4                        . = ALIGN (0x4)
                0x080005f4                        PROVIDE (__init_array_start = .)
 *(SORT_BY_NAME(.init_array.*))
 *(.init_array*)
 .init_array    0x080005f4        0x4 D:/softwares/STM32CubeIDE_2.2.0/STM32CubeIDE/plugins/com.st.stm32cube.ide.mcu.externaltools.gnu-tools-for-stm32.14.3.rel1.win32_1.0.100.202602081740/tools/bin/../lib/gcc/arm-none-eabi/14.3.1/thumb/v7-m/nofp/crtbegin.o
                0x080005f8                        PROVIDE (__init_array_end = .)
                0x080005f8                        . = ALIGN (0x4)

.fini_array     0x080005f8        0x4
                0x080005f8                        . = ALIGN (0x4)
                [!provide]                        PROVIDE (__fini_array_start = .)
 *(SORT_BY_NAME(.fini_array.*))
 *(.fini_array*)
 .fini_array    0x080005f8        0x4 D:/softwares/STM32CubeIDE_2.2.0/STM32CubeIDE/plugins/com.st.stm32cube.ide.mcu.externaltools.gnu-tools-for-stm32.14.3.rel1.win32_1.0.100.202602081740/tools/bin/../lib/gcc/arm-none-eabi/14.3.1/thumb/v7-m/nofp/crtbegin.o
                [!provide]                        PROVIDE (__fini_array_end = .)
                0x080005fc                        . = ALIGN (0x4)
                0x080005fc                        _sidata = LOADADDR (.data)

.rel.dyn        0x080005fc        0x0
 .rel.iplt      0x080005fc        0x0 D:/softwares/STM32CubeIDE_2.2.0/STM32CubeIDE/plugins/com.st.stm32cube.ide.mcu.externaltools.gnu-tools-for-stm32.14.3.rel1.win32_1.0.100.202602081740/tools/bin/../lib/gcc/arm-none-eabi/14.3.1/thumb/v7-m/nofp/crtbegin.o

.data           0x20000000        0x0 load address 0x080005fc
                0x20000000                        . = ALIGN (0x4)
                0x20000000                        _sdata = .
 *(.data)
 *(.data*)
 *(.RamFunc)
 *(.RamFunc*)
                0x20000000                        . = ALIGN (0x4)
                0x20000000                        _edata = .

.igot.plt       0x20000000        0x0 load address 0x080005fc
 .igot.plt      0x20000000        0x0 D:/softwares/STM32CubeIDE_2.2.0/STM32CubeIDE/plugins/com.st.stm32cube.ide.mcu.externaltools.gnu-tools-for-stm32.14.3.rel1.win32_1.0.100.202602081740/tools/bin/../lib/gcc/arm-none-eabi/14.3.1/thumb/v7-m/nofp/crtbegin.o
                0x20000000                        . = ALIGN (0x4)

.bss            0x20000000       0x44 load address 0x080005fc
                0x20000000                        _sbss = .
                0x20000000                        __bss_start__ = _sbss
 *(.bss)
 .bss           0x20000000       0x1c D:/softwares/STM32CubeIDE_2.2.0/STM32CubeIDE/plugins/com.st.stm32cube.ide.mcu.externaltools.gnu-tools-for-stm32.14.3.rel1.win32_1.0.100.202602081740/tools/bin/../lib/gcc/arm-none-eabi/14.3.1/thumb/v7-m/nofp/crtbegin.o
 *(.bss*)
 .bss.state     0x2000001c        0x1 ./Src/protocol.o
 .bss.length    0x2000001d        0x1 ./Src/protocol.o
 .bss.command   0x2000001e        0x1 ./Src/protocol.o
 *fill*         0x2000001f        0x1 
 .bss.data      0x20000020       0x20 ./Src/protocol.o
 .bss.data_index
                0x20000040        0x1 ./Src/protocol.o
 *(COMMON)
                0x20000044                        . = ALIGN (0x4)
 *fill*         0x20000041        0x3 
                0x20000044                        _ebss = .
                0x20000044                        __bss_end__ = _ebss

._user_heap_stack
                0x20000044      0x604 load address 0x080005fc
                0x20000048                        . = ALIGN (0x8)
 *fill*         0x20000044        0x4 
                0x20000048                        PROVIDE (end = .)
                [!provide]                        PROVIDE (_end = .)
                0x20000248                        . = (. + _Min_Heap_Size)
 *fill*         0x20000048      0x200 
                0x20000648                        . = (. + _Min_Stack_Size)
 *fill*         0x20000248      0x400 
                0x20000648                        . = ALIGN (0x8)

/DISCARD/
 libc.a(*)
 libm.a(*)
 libgcc.a(*)

.ARM.attributes
                0x00000000       0x29
 *(.ARM.attributes)
 .ARM.attributes
                0x00000000       0x1d D:/softwares/STM32CubeIDE_2.2.0/STM32CubeIDE/plugins/com.st.stm32cube.ide.mcu.externaltools.gnu-tools-for-stm32.14.3.rel1.win32_1.0.100.202602081740/tools/bin/../lib/gcc/arm-none-eabi/14.3.1/thumb/v7-m/nofp/crti.o
 .ARM.attributes
                0x0000001d       0x2d D:/softwares/STM32CubeIDE_2.2.0/STM32CubeIDE/plugins/com.st.stm32cube.ide.mcu.externaltools.gnu-tools-for-stm32.14.3.rel1.win32_1.0.100.202602081740/tools/bin/../lib/gcc/arm-none-eabi/14.3.1/thumb/v7-m/nofp/crtbegin.o
 .ARM.attributes
                0x0000004a       0x2d ./Src/main.o
 .ARM.attributes
                0x00000077       0x2d ./Src/protocol.o
 .ARM.attributes
                0x000000a4       0x2d ./Src/uart.o
 .ARM.attributes
                0x000000d1       0x21 ./Startup/startup_stm32f103c8tx.o
 .ARM.attributes
                0x000000f2       0x2d D:/softwares/STM32CubeIDE_2.2.0/STM32CubeIDE/plugins/com.st.stm32cube.ide.mcu.externaltools.gnu-tools-for-stm32.14.3.rel1.win32_1.0.100.202602081740/tools/bin/../lib/gcc/arm-none-eabi/14.3.1/../../../../arm-none-eabi/lib/thumb/v7-m/nofp\libc_nano.a(libc_a-init.o)
 .ARM.attributes
                0x0000011f       0x1d D:/softwares/STM32CubeIDE_2.2.0/STM32CubeIDE/plugins/com.st.stm32cube.ide.mcu.externaltools.gnu-tools-for-stm32.14.3.rel1.win32_1.0.100.202602081740/tools/bin/../lib/gcc/arm-none-eabi/14.3.1/thumb/v7-m/nofp/crtn.o
OUTPUT(STM32_Protocol_Fuzzer.elf elf32-littlearm)
LOAD linker stubs
LOAD D:/softwares/STM32CubeIDE_2.2.0/STM32CubeIDE/plugins/com.st.stm32cube.ide.mcu.externaltools.gnu-tools-for-stm32.14.3.rel1.win32_1.0.100.202602081740/tools/bin/../lib/gcc/arm-none-eabi/14.3.1/../../../../arm-none-eabi/lib/thumb/v7-m/nofp\libc.a
LOAD D:/softwares/STM32CubeIDE_2.2.0/STM32CubeIDE/plugins/com.st.stm32cube.ide.mcu.externaltools.gnu-tools-for-stm32.14.3.rel1.win32_1.0.100.202602081740/tools/bin/../lib/gcc/arm-none-eabi/14.3.1/../../../../arm-none-eabi/lib/thumb/v7-m/nofp\libm.a
LOAD D:/softwares/STM32CubeIDE_2.2.0/STM32CubeIDE/plugins/com.st.stm32cube.ide.mcu.externaltools.gnu-tools-for-stm32.14.3.rel1.win32_1.0.100.202602081740/tools/bin/../lib/gcc/arm-none-eabi/14.3.1/thumb/v7-m/nofp\libgcc.a

.debug_info     0x00000000      0x471
 .debug_info    0x00000000      0x10d ./Src/main.o
 .debug_info    0x0000010d      0x22b ./Src/protocol.o
 .debug_info    0x00000338      0x109 ./Src/uart.o
 .debug_info    0x00000441       0x30 ./Startup/startup_stm32f103c8tx.o

.debug_abbrev   0x00000000      0x301
 .debug_abbrev  0x00000000       0xdc ./Src/main.o
 .debug_abbrev  0x000000dc      0x13c ./Src/protocol.o
 .debug_abbrev  0x00000218       0xc5 ./Src/uart.o
 .debug_abbrev  0x000002dd       0x24 ./Startup/startup_stm32f103c8tx.o

.debug_aranges  0x00000000       0xc8
 .debug_aranges
                0x00000000       0x20 ./Src/main.o
 .debug_aranges
                0x00000020       0x48 ./Src/protocol.o
 .debug_aranges
                0x00000068       0x38 ./Src/uart.o
 .debug_aranges
                0x000000a0       0x28 ./Startup/startup_stm32f103c8tx.o

.debug_rnglists
                0x00000000       0x84
 .debug_rnglists
                0x00000000       0x13 ./Src/main.o
 .debug_rnglists
                0x00000013       0x33 ./Src/protocol.o
 .debug_rnglists
                0x00000046       0x25 ./Src/uart.o
 .debug_rnglists
                0x0000006b       0x19 ./Startup/startup_stm32f103c8tx.o

.debug_macro    0x00000000      0x1b1
 .debug_macro   0x00000000       0x8b ./Src/main.o
 .debug_macro   0x0000008b       0x83 ./Src/protocol.o
 .debug_macro   0x0000010e       0xa3 ./Src/uart.o

.debug_line     0x00000000      0xea3
 .debug_line    0x00000000      0x436 ./Src/main.o
 .debug_line    0x00000436      0x53e ./Src/protocol.o
 .debug_line    0x00000974      0x4b4 ./Src/uart.o
 .debug_line    0x00000e28       0x7b ./Startup/startup_stm32f103c8tx.o

.debug_str      0x00000000     0x3f2f
 .debug_str     0x00000000     0x3f2f ./Src/main.o
                               0x3ddc (size before relaxing)
 .debug_str     0x00003f2f     0x3e78 ./Src/protocol.o
 .debug_str     0x00003f2f     0x3f25 ./Src/uart.o
 .debug_str     0x00003f2f       0x7b ./Startup/startup_stm32f103c8tx.o

.comment        0x00000000       0x43
 .comment       0x00000000       0x43 ./Src/main.o
                                 0x44 (size before relaxing)
 .comment       0x00000043       0x44 ./Src/protocol.o
 .comment       0x00000043       0x44 ./Src/uart.o

.debug_frame    0x00000000      0x1c8
 .debug_frame   0x00000000       0x30 ./Src/main.o
 .debug_frame   0x00000030       0xdc ./Src/protocol.o
 .debug_frame   0x0000010c       0x90 ./Src/uart.o
 .debug_frame   0x0000019c       0x2c D:/softwares/STM32CubeIDE_2.2.0/STM32CubeIDE/plugins/com.st.stm32cube.ide.mcu.externaltools.gnu-tools-for-stm32.14.3.rel1.win32_1.0.100.202602081740/tools/bin/../lib/gcc/arm-none-eabi/14.3.1/../../../../arm-none-eabi/lib/thumb/v7-m/nofp\libc_nano.a(libc_a-init.o)

.debug_line_str
                0x00000000       0x5f
 .debug_line_str
                0x00000000       0x5f ./Startup/startup_stm32f103c8tx.o
